[09-02 23:39] patrol start -> patrol_20260902_233903.log
[09-02 23:39] patrol done
[09-02 23:40] patrol start -> patrol_20260902_234020.log
[09-02 23:41] 基线 13/32 step=4988/10001 (s20 p6)；蒸馏 未点火(等基线)；bq0 监工在、无 FAILING、GPU3 20.6GB/69%；无新进展
[09-02 23:41] patrol done
[09-02 23:56] patrol start -> patrol_20260902_235602.log
[09-02 23:56] patrol done
[09-03 00:00] patrol start -> patrol_20260903_000039.log
[09-03 00:00] patrol done
[09-03 00:16] cron 巡检: 基线 13/32 step=6743/10001 (s20 p6); bq0 正常; 无 FAILING; 蒸馏未到点火; 无新进展
[09-03 00:30] cron 巡检: 基线 13/32 step=7488/10001; bq0 正常; 无异常; 无新进展
[09-03 00:45] cron 巡检: 基线 13/32 step=8236/10001; bq0 正常; 无异常; 无新进展
[09-03 01:00] cron 巡检: 基线 13/32 step=8989/10001; bq0 正常; 无异常; 无新进展
[09-03 01:15] cron 巡检: 基线 13/32 step=9740/10001 (s20 p6 金锭); bq0 正常; 无异常; 无新进展
[09-03 01:31] cron 巡检: 基线 13->14/32 (s20 p6 金锭收官); worker 已认领 s20 p7 铁锭 step=391/10001; bq0 正常; 无 FAILING
[09-03 01:45] cron 巡检: 基线 14/32; s20 p7 铁锭 step=1146/10001; bq0 正常; 无异常; 无新进展
[09-03 02:00] cron 巡检: 基线 14/32; s20 p7 铁锭 step=1901/10001; 正常; 无新进展
[09-03 02:15] cron 巡检: 基线 14/32; s20 p7 step=2647/10001; 正常; 无新进展
[09-03 02:30] cron 巡检: 基线 14/32; s20 p7 step=3400/10001; 正常; 无新进展
[09-03 02:45] cron 巡检: 基线 14/32; s20 p7 step=4144/10001; 正常; 无新进展
[09-03 03:00] cron 巡检: 基线 14/32; s20 p7 step=4892/10001; 正常; 无新进展
[09-03 03:15] cron 巡检: 基线 14/32; s20 p7 step=5637/10001; 正常; 无新进展
[09-03 03:30] cron 巡检: 基线 14/32; s20 p7 step=6384/10001; 正常; 无新进展
[09-03 03:45] cron 巡检: 基线 14/32; s20 p7 step=7136/10001; 正常; 无新进展
[09-03 04:00] cron 巡检: 基线 14/32; s20 p7 step=7885/10001; 正常; 无新进展
[09-03 04:15] cron 巡检: 基线 14/32; s20 p7 step=8633/10001; 正常; 无新进展
[09-03 04:30] cron 巡检: 基线 14/32; s20 p7 step=9381/10001 (快收官); 正常; 无新进展
[09-03 04:45] cron 巡检: 基线 14->15/32 (s20 p7 铁锭收官); worker 认领 s20 p8 蓝钻 step=34; s20 档 7/8; 正常
[09-03 05:00] cron 巡检: 基线 15/32; s20 p8 蓝钻 step=777/10001; 正常; 无新进展
[09-03 05:15] cron 巡检: 基线 15/32; s20 p8 step=1530/10001; 正常; 无新进展
[09-03 05:30] cron 巡检: 基线 15/32; s20 p8 step=2272/10001; 正常; 无新进展
[09-03 05:45] cron 巡检: 基线 15/32; s20 p8 step=3022/10001; 正常; 无新进展
[09-03 06:00] cron 巡检: 基线 15/32; s20 p8 step=3771/10001; 正常; 无新进展
[09-03 06:15] cron 巡检: 基线 15/32; s20 p8 step=4520/10001; 正常; 无新进展
[09-03 06:30] cron 巡检: 基线 15/32; s20 p8 step=5267/10001; 正常; 无新进展
[09-03 06:45] cron 巡检: 基线 15/32; s20 p8 step=6011/10001; 正常; 无新进展
[09-03 07:00] cron 巡检: 基线 15/32; s20 p8 step=6756/10001; 正常; 无新进展
[09-03 07:15] cron 巡检: 基线 15/32; s20 p8 step=7504/10001; 正常; 无新进展
[09-03 07:30] cron 巡检: 基线 15/32; s20 p8 step=8252/10001 (s20 档 7/8); 正常; 无新进展
[09-03 07:45] cron 巡检: 基线 15/32; s20 p8 step=8995/10001; 正常; 无新进展
[09-03 08:00] cron 巡检: 基线 15/32; s20 p8 step=9741/10001 (即将收官, s20 档将齐 8/8); 正常
[09-03 08:16] cron 巡检: 基线 15->16/32, s20 档齐 8/8 (里程碑, 已记 log+push); worker 转 s16 p1 金剑 step=389; 正常
[09-03 08:30] cron 巡检: 基线 16/32; s16 p1 金剑 step=1136/10001; 正常; 无新进展
[09-03 08:45] cron 巡检: 基线 16/32; s16 p1 step=1886/10001; 正常; 无新进展
[09-03 09:00] cron 巡检: 基线 16/32; s16 p1 step=2633/10001; 正常; 无新进展
[09-03 09:15] cron 巡检: 基线 16/32; s16 p1 step=3378/10001; 正常; 无新进展
[09-03 09:30] cron 巡检: 基线 16/32; s16 p1 step=4125/10001; 正常; 无新进展
[09-03 09:45] cron 巡检: 基线 16/32; s16 p1 step=4870/10001; 正常; 无新进展
[09-03 10:00] cron 巡检: 基线 16/32; s16 p1 step=5617/10001; 正常; 无新进展
[09-03 10:15] cron 巡检: 基线 16/32; s16 p1 step=6366/10001; 正常; 无新进展
[09-03 10:30] cron 巡检: 基线 16/32; s16 p1 step=7115/10001; 正常; 无新进展
[09-03 10:45] cron 巡检: 基线 16/32; s16 p1 step=7864/10001; 正常; 无新进展
[09-03 11:00] cron 巡检: 基线 16/32; s16 p1 step=8613/10001; 正常; 无新进展
[09-03 11:16] cron 巡检: 基线 16/32; s16 p1 金剑 step=9358/10001 (快收官); 正常
[09-03 11:31] cron 巡检: 基线 16->17/32 (s16 p1 金剑收官); worker 认领 s16 p2 铁镐 step=11; 正常
[09-03 11:45] cron 巡检: 基线 17/32; s16 p2 铁镐 step=755/10001; 正常; 无新进展
[09-03 12:01] cron 巡检: 基线 17/32; s16 p2 step=1499/10001; 正常; 无新进展
[09-03 12:15] cron 巡检: 基线 17/32; s16 p2 step=2244/10001; 正常; 无新进展
[09-03 12:30] cron 巡检: 基线 17/32; s16 p2 step=2989/10001; 正常; 无新进展
[09-03 12:45] cron 巡检: 基线 17/32; s16 p2 step=3739/10001; 正常; 无新进展
[09-03 13:01] cron 巡检: 基线 17/32; s16 p2 step=4500/10001; 正常; 无新进展
[09-03 13:15] cron 巡检: 基线 17/32; s16 p2 step=5238/10001; 正常; 无新进展
[09-03 13:30] cron 巡检: 基线 17/32; s16 p2 step=5985/10001; 正常; 无新进展
[09-03 13:46] cron 巡检: 基线 17/32; s16 p2 step=6738/10001; 正常; 无新进展
[09-03 14:00] cron 巡检: 基线 17/32; s16 p2 step=7473/10001; 正常; 无新进展
[09-03 14:15] cron 巡检: 基线 17/32; s16 p2 step=8224/10001; 正常; 无新进展
[09-03 14:31] cron 巡检: 基线 17/32; s16 p2 step=8968/10001; 正常; 无新进展
[09-03 14:46] cron 巡检: 基线 17/32; s16 p2 铁镐 step=9713/10001 (快收官); 正常
[09-03 15:01] cron 巡检: 基线 17->18/32 (s16 p2 铁镐收官); worker 认领 s16 p3 石斧 step=372; 正常
[09-03 15:16] cron 巡检: 基线 18/32; s16 p3 石斧 step=1117/10001; 正常; 无新进展
[09-03 15:31] cron 巡检: 基线 18/32; s16 p3 step=1866/10001; 正常; 无新进展
[09-03 15:46] cron 巡检: 基线 18/32; s16 p3 step=2610/10001; 正常; 无新进展
[09-03 16:01] cron 巡检: 基线 18/32; s16 p3 step=3359/10001; 正常; 无新进展
[09-03 16:16] cron 巡检: 基线 18/32; s16 p3 step=4112/10001; 正常; 无新进展
[09-03 16:31] cron 巡检: 基线 18/32; s16 p3 step=4847/10001; 正常; 无新进展
[09-03 16:46] cron 巡检: 基线 18/32; s16 p3 step=5595/10001; 正常; 无新进展
[09-03 17:01] cron 巡检: 基线 18/32; s16 p3 step=6345/10001; 正常; 无新进展
[09-03 17:16] cron 巡检: 基线 18/32; s16 p3 step=7088/10001; 正常; 无新进展
[09-03 17:31] cron 巡检: 基线 18/32; s16 p3 step=7838/10001; 正常; 无新进展
[09-03 17:47] cron 巡检: 基线 18/32; bq0@GPU3 s16 p3 step=8674/10001, bq1@GPU2 s16 p4 step=5/10001; 双 worker 正常; 无 FAILING
[09-03 18:01] cron 巡检: 基线 18/32; bq0 s16 p3 step=9328 (快收官), bq1 s16 p4 step=665; 双 worker 正常; 无新进展
[09-03 18:16] cron 巡检: 基线 18->19/32 (s16 p3 石斧收官); bq0 转 s16 p5 弓箭, bq1 s16 p4 木锹 step=1414; 双 worker 正常
[09-03 18:31] cron 巡检: 基线 19/32; bq0 s16 p5 弓 step=713, bq1 s16 p4 锹 step=2163; 双 worker 正常; 无新进展
[09-03 18:46] cron 巡检: 基线 19/32; bq0 s16 p5 step=1451, bq1 s16 p4 step=2909; 双 worker 正常; 无新进展
[09-03 19:01] cron 巡检: 基线 19/32; bq0 s16 p5 step=2194, bq1 s16 p4 step=3660; 双 worker 正常; 无新进展
[09-03 19:16] cron 巡检: 基线 19/32; bq0 s16 p5 step=2933, bq1 s16 p4 step=4406; 双 worker 正常; 无新进展
[09-03 19:31] cron 巡检: 基线 19/32; bq0 s16 p5 step=3672, bq1 s16 p4 step=5152; 双 worker 正常; 无新进展
[09-03 19:46] cron 巡检: 基线 19/32; bq0 s16 p5 step=4418, bq1 s16 p4 step=5906; 双 worker 正常; 无新进展
[09-03 20:01] cron 巡检: 基线 19/32; bq0 s16 p5 step=5159, bq1 s16 p4 step=6657; 双 worker 正常; 无新进展
[09-03 20:16] cron 巡检: 基线 19/32; bq0 s16 p5 step=5910, bq1 s16 p4 step=7416; 双 worker 正常; 无新进展
[09-03 20:31] cron 巡检: 基线 19/32; bq0 s16 p5 step=6642, bq1 s16 p4 step=8156; 双 worker 正常; 无新进展
[09-03 20:46] cron 巡检: 基线 19/32; bq0 s16 p5 step=7380, bq1 s16 p4 step=8903; 双 worker 正常; 无新进展
[09-03 21:01] cron 巡检: 基线 19/32; bq0 s16 p5 step=8138, bq1 s16 p4 step=9670 (快收官); 双 worker 正常
[09-03 21:16] cron 巡检: 基线 19->20/32 (s16 p4 木锹收官); bq1 转 s16 p6 金锭 step=308, bq0 s16 p5 弓 step=8862; s16 档 5/8; 正常
[09-03 23:01] cron 巡检(合并7次排队触发): 基线 20->21/32; bq0 s16 p7 铁锭 step=3950, bq1 s16 p6 金锭 step=5552; 双 worker 正常
[09-03 23:17] cron 巡检: 基线 21/32; bq0 s16 p7 step=4744, bq1 s16 p6 step=6356; 双 worker 正常; 无新进展
[09-03 23:31] cron 巡检: 基线 21/32; bq0 s16 p7 step=5420, bq1 s16 p6 step=7040; 双 worker 正常; 无新进展
[09-03 23:45] cron 巡检: 基线 21/32; bq0 s16 p7 step=6151, bq1 s16 p6 step=7779; 双 worker 正常; 无新进展
[09-04 00:00] cron 巡检: 基线 21/32; bq0 s16 p7 step=6888, bq1 s16 p6 step=8525; 双 worker 正常; 无新进展
[09-04 00:15] cron 巡检: 基线 21/32; bq0 s16 p7 step=7627, bq1 s16 p6 step=9272 (快收官); 双 worker 正常
[09-04 00:30] cron 巡检: 基线 21->22/32 (s16 p6 金锭收官); bq1 转 s16 p8 蓝钻, bq0 s16 p7 铁锭 step=8367; s16 档 6/8; 正常
[09-04 00:45] cron 巡检: 基线 22/32; bq0 s16 p7 step=9106 (快收官), bq1 s16 p8 step=671; 双 worker 正常
[09-04 01:00] cron 巡检: 基线 22/32; bq0 s16 p7 step=9847 (即将收官), bq1 s16 p8 step=1418; 双 worker 正常
[09-04 01:15] cron 巡检: 基线 22->23/32 (s16 p7 铁锭收官); bq0 转最后一档 s24 p1 金剑 step=498, bq1 s16 p8 step=2168; s16 档 7/8; 正常
[09-04 01:30] cron 巡检: 基线 23/32; bq0 s24 p1 step=1240, bq1 s16 p8 step=2912; 双 worker 正常; 无新进展
[09-04 01:45] cron 巡检: 基线 23/32; bq0 s24 p1 step=1984, bq1 s16 p8 step=3658; 双 worker 正常; 无新进展
[09-04 02:00] cron 巡检: 基线 23/32; bq0 s24 p1 step=2728, bq1 s16 p8 step=4405; 双 worker 正常; 无新进展
[09-04 02:15] cron 巡检: 基线 23/32; bq0 s24 p1 step=3475, bq1 s16 p8 step=5155; 双 worker 正常; 无新进展
[09-04 02:30] cron 巡检: 基线 23/32; bq0 s24 p1 step=4215, bq1 s16 p8 step=5898; 双 worker 正常; 无新进展
[09-04 02:45] cron 巡检: 基线 23/32; bq0 s24 p1 step=4968, bq1 s16 p8 step=6654; 双 worker 正常; 无新进展
[09-04 03:00] cron 巡检: 基线 23/32; bq0 s24 p1 step=5703, bq1 s16 p8 step=7392; 双 worker 正常; 无新进展
[09-04 03:15] cron 巡检: 基线 23/32; bq0 s24 p1 step=6454, bq1 s16 p8 step=8145; 双 worker 正常; 无新进展
[09-04 03:30] cron 巡检: 基线 23/32; bq0 s24 p1 step=7193, bq1 s16 p8 step=8886 (快收官); 双 worker 正常
[09-04 03:45] cron 巡检: 基线 23/32; bq0 s24 p1 step=7936, bq1 s16 p8 step=9633 (即将收官, s16 档将齐 8/8); 双 worker 正常
[09-04 04:01] cron 巡检: 基线 23->24/32, s16 档齐 8/8 (里程碑: 12/16/20 三档 10k 全齐, 已记 log+push); bq1 转 s24 p2, bq0 s24 p1 step=8681; 正常
[09-04 04:15] cron 巡检: 基线 24/32; bq0 s24 p1 step=9427 (快收官), bq1 s24 p2 step=1045; 双 worker 正常
[09-04 04:30] cron 巡检: 基线 24->25/32 (s24 p1 金剑收官); bq0 转 s24 p3 石斧 step=77, bq1 s24 p2 铁镐 step=1797; s24 档 1/8; 正常
[09-04 04:45] cron 巡检: 基线 25/32; bq0 s24 p3 step=825, bq1 s24 p2 step=2552; 双 worker 正常; 无新进展
[09-04 05:00] cron 巡检: 基线 25/32; bq0 s24 p3 step=1565, bq1 s24 p2 step=3301; 双 worker 正常; 无新进展
[09-04 05:15] cron 巡检: 基线 25/32; bq0 s24 p3 step=2308, bq1 s24 p2 step=4052; 双 worker 正常; 无新进展
[09-04 05:30] cron 巡检: 基线 25/32; bq0 s24 p3 step=3052, bq1 s24 p2 step=4805; 双 worker 正常; 无新进展
[09-04 05:45] cron 巡检: 基线 25/32; bq0 s24 p3 step=3802, bq1 s24 p2 step=5564; 双 worker 正常; 无新进展
[09-04 06:00] cron 巡检: 基线 25/32; bq0 s24 p3 step=4540, bq1 s24 p2 step=6312; 双 worker 正常; 无新进展
[09-04 06:15] cron 巡检: 基线 25/32; bq0 s24 p3 step=5281, bq1 s24 p2 step=7062; 双 worker 正常; 无新进展
[09-04 06:30] cron 巡检: 基线 25/32; bq0 s24 p3 step=6025, bq1 s24 p2 step=7815; 双 worker 正常; 无新进展
[09-04 06:45] cron 巡检: 基线 25/32; bq0 s24 p3 step=6768, bq1 s24 p2 step=8567; 双 worker 正常; 无新进展
[09-04 07:00] cron 巡检: 基线 25/32; bq0 s24 p3 step=7511, bq1 s24 p2 step=9319 (快收官); 双 worker 正常
[09-04 07:15] cron 巡检: 基线 25->26/32 (s24 p2 铁镐收官); bq1 转 s24 p4 木锹, bq0 s24 p3 石斧 step=8256; s24 档 2/8; 正常
[09-04 07:30] cron 巡检: 基线 26/32; bq0 s24 p3 step=8999 (快收官), bq1 s24 p4 step=723; 双 worker 正常
[09-04 07:45] cron 巡检: 基线 26/32; bq0 s24 p3 step=9742 (即将收官), bq1 s24 p4 step=1475; 双 worker 正常
[09-04 08:00] cron 巡检: 基线 26->27/32 (s24 p3 石斧收官); bq0 转 s24 p5 弓 step=392, bq1 s24 p4 木锹 step=2228; s24 档 3/8; 剩5条; 正常
[09-04 08:15] cron 巡检: 基线 27/32; bq0 s24 p5 step=1135, bq1 s24 p4 step=2978; 双 worker 正常; 无新进展
[09-04 08:30] cron 巡检: 基线 27/32; bq0 s24 p5 step=1881, bq1 s24 p4 step=3732; 双 worker 正常; 无新进展
[09-04 08:45] cron 巡检: 基线 27/32; bq0 s24 p5 step=2623, bq1 s24 p4 step=4483; 双 worker 正常; 无新进展
[09-04 09:00] cron 巡检: 基线 27/32; bq0 s24 p5 step=3367, bq1 s24 p4 step=5235; 双 worker 正常; 无新进展
[09-04 09:15] cron 巡检: 基线 27/32; bq0 s24 p5 step=4111, bq1 s24 p4 step=5987; 双 worker 正常; 无新进展
[09-04 09:31] cron 巡检: 基线 27/32; bq0 s24 p5 step=4870, bq1 s24 p4 step=6754; 双 worker 正常; 无新进展
[09-04 09:45] cron 巡检: 基线 27/32; bq0 s24 p5 step=5599, bq1 s24 p4 step=7492; 双 worker 正常; 无新进展
[09-04 10:02] cron 巡检: 基线 27/32; bq0 s24 p5 step=6380, bq1 s24 p4 step=8281; 双 worker 正常; 无新进展
[09-04 10:15] cron 巡检: 基线 27/32; bq0 s24 p5 step=7087, bq1 s24 p4 step=8996 (快收官); 双 worker 正常
[09-04 10:31] cron 巡检: 基线 27/32; bq0 s24 p5 step=7831, bq1 s24 p4 step=9747 (即将收官); 双 worker 正常
[09-04 10:45] cron 巡检: 基线 27->28/32 (s24 p4 木锹收官); bq1 转 s24 p6 金锭 step=405, bq0 s24 p5 弓 step=8576; s24 档 4/8; 剩4条; 正常
[09-04 11:01] cron 巡检: 基线 28/32; bq0 s24 p5 step=9328 (快收官), bq1 s24 p6 step=1163; 双 worker 正常
[09-04 11:15] cron 巡检: 基线 28->29/32 (s24 p5 弓收官); bq0 转 s24 p7 铁锭, bq1 s24 p6 金锭 step=1906; s24 档 5/8; 剩3条; 正常
[09-04 11:31] cron 巡检: 基线 29/32; bq0 s24 p7 step=717, bq1 s24 p6 step=2656; 双 worker 正常; 无新进展
[09-04 11:46] cron 巡检: 基线 29/32; bq0 s24 p7 step=1471, bq1 s24 p6 step=3414; 双 worker 正常; 无新进展
[09-04 12:00] cron 巡检: 基线 29/32; bq0 s24 p7 step=2207, bq1 s24 p6 step=4154; 双 worker 正常; 无新进展
[09-04 12:16] cron 巡检: 基线 29/32; bq0 s24 p7 step=2952, bq1 s24 p6 step=4905; 双 worker 正常; 无新进展
[09-04 12:31] cron 巡检: 基线 29/32; bq0 s24 p7 step=3706, bq1 s24 p6 step=5663; 双 worker 正常; 无新进展
[09-04 12:47] cron 巡检: 基线 29/32; bq0 s24 p7 step=4480, bq1 s24 p6 step=6443; 双 worker 正常; 无新进展
[09-04 13:00] cron 巡检: 基线 29/32; bq0 s24 p7 step=5186, bq1 s24 p6 step=7153; 双 worker 正常; 无新进展
[09-04 13:15] cron 巡检: 基线 29/32; bq0 s24 p7 step=5933, bq1 s24 p6 step=7905; 双 worker 正常; 无新进展
[09-04 13:30] cron 巡检: 基线 29/32; bq0 s24 p7 step=6679, bq1 s24 p6 step=8656; 双 worker 正常; 无新进展
[09-04 13:45] cron 巡检: 基线 29/32; bq0 s24 p7 step=7420, bq1 s24 p6 step=9402 (快收官); 双 worker 正常
[09-04 14:16] cron 巡检: 基线 29->30/32 (s24 p6 金锭收官); bq1 转最后一条 s24 p8 蓝钻 step=71, bq0 s24 p7 铁锭 step=8176; 剩2条(全在跑); 正常
[09-04 14:31] cron 巡检: 基线 30/32; bq0 s24 p7 step=9665 (即将收官), bq1 s24 p8 step=1575; 双 worker 正常
[09-04 14:49] cron 巡检: 基线 30->31/32 (s24 p7 铁锭收官, bq0 队列排空正常退出); GPU3 空出→提前点火蒸馏链 distill2(补齐 node03 缺失的3个脚本后 SDXL 加载中); bq1 跑最后一条 s24 p8; 已记 log+push
[09-04 15:01] cron 巡检: 基线 31/32 (bq1 s24 p8 step=3085); 蒸馏链 distill2 生成伪标签 24/413 (power outlet), GPU3 正常; 无 FAILING
[09-04 15:16] cron 巡检: 基线 31/32 (bq1 s24 p8 step=3840); 蒸馏伪标签 57/413 (file tool); GPU2/3 正常; 无 FAILING
[09-04 15:31] cron 巡检: 基线 31/32 (bq1 s24 p8 step=4589); 蒸馏伪标签 88/413 (trumpet); GPU2/3 正常; 无 FAILING
[09-04 15:46] cron 巡检: 基线 31/32 (bq1 s24 p8 step=5339); 蒸馏伪标签 120/413 (roller skate); GPU2/3 正常; 无 FAILING
[09-04 16:01] cron 巡检: 基线 31/32 (bq1 s24 p8 step=6092); 蒸馏伪标签 153/413 (top hat); GPU2/3 正常; 无 FAILING
[09-04 16:16] cron 巡检: 基线 31/32 (bq1 s24 p8 step=6845); 蒸馏伪标签 185/413 (cooking pot); GPU2/3 正常; 无 FAILING
[09-04 16:31] cron 巡检: 基线 31/32 (bq1 s24 p8 step=7607); 蒸馏伪标签 217/413 (已过半); GPU2/3 正常; 无 FAILING
[09-04 16:46] cron 巡检: 基线 31/32 (bq1 s24 p8 step=8354); 蒸馏伪标签 251/413 (door); GPU2/3 正常; 无 FAILING
[09-04 17:01] cron 巡检: 基线 31/32 (bq1 s24 p8 step=9107 快收官); 蒸馏伪标签 284/413 (ruler); GPU2/3 正常; 无 FAILING
[09-04 17:16] cron 巡检: 基线 31/32 (bq1 s24 p8 step=9860 即将收官); 蒸馏伪标签 317/413; GPU2/3 正常; 无 FAILING
[09-04 17:31] cron 巡检: ★ 基线 31->32/32 全部收官 (s24 p8 蓝钻收官); 四档 10k 基线齐, 已记 log+push+拉回本地; bq1 退出(GPU2 被他人收回); 蒸馏 351/413 继续
[09-04 17:46] cron 巡检: 基线已 32/32 完成; 蒸馏伪标签 383/413 (lion, 已出 766 大图); GPU3 正常; 无 FAILING
[09-04 18:04] cron 巡检: 基线 32/32 完成; 蒸馏 v13 训练步曾因 node03 缺第一轮 pseudo_fix 失败并空转重启→已停监工/同步数据(948)/重启, 生成阶段将跳过直进训练; 已记 log+push
[09-04 18:07] cron 巡检: 修复成功, v13 训练已启动 (数据集 293706 张=真实+两轮伪标签, init v7c_bow, step 200/10000 loss=0.0211, GPU3 38GB/99[09-04 18:07] cron 巡检: 修复成功, v13 训练已启动 (数据集 293706 张, init v7c_bow, step 200/10000 loss=0.0211, GPU3 38GB/99pct); 无 FAILING
[09-04 18:16] cron 巡检: v13 训练 step 1400/10000 loss=0.0235; GPU3 38GB/100pct; 无 FAILING
[09-04 18:31] cron 巡检: v13 训练 step 3200/10000 loss=0.0226; GPU3 正常; 无 FAILING
[09-04 18:46] cron 巡检: v13 训练 step 5200/10000 loss=0.0201 (过半); GPU3 正常; 无 FAILING
[09-04 19:15] cron 巡检: v13 训练 step 7000/10000 loss=0.0223; GPU3 正常; 无 FAILING
[09-04 19:34] cron 巡检: ★ 蒸馏链 v13 完成 (DISTILL_V2_CHAIN_DONE; v13检查点+覆盖率复测产出齐, loss收敛0.0165, 词汇237->650); 正拉回本地; 已记 log+push; GPU3 空闲
[09-04 22:34] cron 巡检: 两条主线均已收官 (基线 32/32, distill2.done); 无监工残留, 无 FAILING, GPU2/3 空闲。项目转入选题/评估阶段(等用户定 ICLR 方向), 无计算任务在跑。
[09-05 00:02] cron 巡检: 去风险实验 v7 采样进行中, 已出 9915 图(目标约16520), GPU3 100%, 无 FAILING
[09-05 00:17] cron 巡检: 去风险 v7 采样 13220/约16520, GPU3 100%, 无 FAILING; 无新进展
